AR motherboard struct C:/Users/paulo/Desktop/AC/Projeto_um_AC-PAULOALVES.2120722_RENATOPESSEGO.2121922/MotherBoard.vhd sub00/vhpl25 1710511740
EN peri_saida NULL C:/Users/paulo/Desktop/AC/Projeto_um_AC-PAULOALVES.2120722_RENATOPESSEGO.2121922/Peri_Saida.vhd sub00/vhpl02 1710511715
AR peri_entrada behavioral C:/Users/paulo/Desktop/AC/Projeto_um_AC-PAULOALVES.2120722_RENATOPESSEGO.2121922/Peri_Entrada.vhd sub00/vhpl01 1710511714
EN mux_pc NULL C:/Users/paulo/Desktop/AC/Projeto_um_AC-PAULOALVES.2120722_RENATOPESSEGO.2121922/Mux_PC.vhd sub00/vhpl08 1710511723
EN motherboard NULL C:/Users/paulo/Desktop/AC/Projeto_um_AC-PAULOALVES.2120722_RENATOPESSEGO.2121922/MotherBoard.vhd sub00/vhpl24 1710511739
AR banco_reg behavioral C:/Users/paulo/Desktop/AC/Projeto_um_AC-PAULOALVES.2120722_RENATOPESSEGO.2121922/Banco_Reg.vhd sub00/vhpl11 1710511726
AR mux_r behavioral C:/Users/paulo/Desktop/AC/Projeto_um_AC-PAULOALVES.2120722_RENATOPESSEGO.2121922/MUX_R.vhd sub00/vhpl13 1710511728
AR reg_flags behavioral C:/Users/paulo/Desktop/AC/Projeto_um_AC-PAULOALVES.2120722_RENATOPESSEGO.2121922/Reg_Flags.vhd sub00/vhpl07 1710511720
EN memoria_instr NULL C:/Users/paulo/Desktop/AC/Projeto_um_AC-PAULOALVES.2120722_RENATOPESSEGO.2121922/Memoria_Instr.vhd sub00/vhpl22 1710511737
EN mux_r NULL C:/Users/paulo/Desktop/AC/Projeto_um_AC-PAULOALVES.2120722_RENATOPESSEGO.2121922/MUX_R.vhd sub00/vhpl12 1710511727
AR peri_saida behavioral C:/Users/paulo/Desktop/AC/Projeto_um_AC-PAULOALVES.2120722_RENATOPESSEGO.2121922/Peri_Saida.vhd sub00/vhpl03 1710511716
EN pc NULL C:/Users/paulo/Desktop/AC/Projeto_um_AC-PAULOALVES.2120722_RENATOPESSEGO.2121922/PC.vhd sub00/vhpl14 1710511729
EN peri_entrada NULL C:/Users/paulo/Desktop/AC/Projeto_um_AC-PAULOALVES.2120722_RENATOPESSEGO.2121922/Peri_Entrada.vhd sub00/vhpl00 1710511713
AR porta_nor behavorial C:/Users/paulo/Desktop/AC/Projeto_um_AC-PAULOALVES.2120722_RENATOPESSEGO.2121922/Porta_NOR.vhd sub00/vhpl27 1710511722
AR processador struct C:/Users/paulo/Desktop/AC/Projeto_um_AC-PAULOALVES.2120722_RENATOPESSEGO.2121922/Processador.vhd sub00/vhpl19 1710511734
AR mux_pc behavioral C:/Users/paulo/Desktop/AC/Projeto_um_AC-PAULOALVES.2120722_RENATOPESSEGO.2121922/Mux_PC.vhd sub00/vhpl09 1710511724
EN banco_reg NULL C:/Users/paulo/Desktop/AC/Projeto_um_AC-PAULOALVES.2120722_RENATOPESSEGO.2121922/Banco_Reg.vhd sub00/vhpl10 1710511725
EN rom_descod NULL C:/Users/paulo/Desktop/AC/Projeto_um_AC-PAULOALVES.2120722_RENATOPESSEGO.2121922/ROM_Descod.vhd sub00/vhpl16 1710511731
EN processador NULL C:/Users/paulo/Desktop/AC/Projeto_um_AC-PAULOALVES.2120722_RENATOPESSEGO.2121922/Processador.vhd sub00/vhpl18 1710511733
AR alu behavioral C:/Users/paulo/Desktop/AC/Projeto_um_AC-PAULOALVES.2120722_RENATOPESSEGO.2121922/ALU.vhd sub00/vhpl05 1710511718
AR mem_dados behavioral C:/Users/paulo/Desktop/AC/Projeto_um_AC-PAULOALVES.2120722_RENATOPESSEGO.2121922/Mem_Dados.vhd sub00/vhpl21 1710511736
EN porta_nor NULL C:/Users/paulo/Desktop/AC/Projeto_um_AC-PAULOALVES.2120722_RENATOPESSEGO.2121922/Porta_NOR.vhd sub00/vhpl26 1710511721
AR pc behavioral C:/Users/paulo/Desktop/AC/Projeto_um_AC-PAULOALVES.2120722_RENATOPESSEGO.2121922/PC.vhd sub00/vhpl15 1710511730
AR memoria_instr behavioral C:/Users/paulo/Desktop/AC/Projeto_um_AC-PAULOALVES.2120722_RENATOPESSEGO.2121922/Memoria_Instr.vhd sub00/vhpl23 1710511738
EN mem_dados NULL C:/Users/paulo/Desktop/AC/Projeto_um_AC-PAULOALVES.2120722_RENATOPESSEGO.2121922/Mem_Dados.vhd sub00/vhpl20 1710511735
AR rom_descod behavioral C:/Users/paulo/Desktop/AC/Projeto_um_AC-PAULOALVES.2120722_RENATOPESSEGO.2121922/ROM_Descod.vhd sub00/vhpl17 1710511732
EN reg_flags NULL C:/Users/paulo/Desktop/AC/Projeto_um_AC-PAULOALVES.2120722_RENATOPESSEGO.2121922/Reg_Flags.vhd sub00/vhpl06 1710511719
EN alu NULL C:/Users/paulo/Desktop/AC/Projeto_um_AC-PAULOALVES.2120722_RENATOPESSEGO.2121922/ALU.vhd sub00/vhpl04 1710511717
