Release 14.7 - xst P.20131013 (nt64)
Copyright (c) 1995-2013 Xilinx, Inc.  All rights reserved.
--> Parameter TMPDIR set to xst/projnav.tmp


Total REAL time to Xst completion: 1.00 secs
Total CPU time to Xst completion: 1.06 secs
 
--> Parameter xsthdpdir set to xst


Total REAL time to Xst completion: 1.00 secs
Total CPU time to Xst completion: 1.06 secs
 
--> Reading design: MotherBoard.prj

TABLE OF CONTENTS
  1) Synthesis Options Summary
  2) HDL Compilation
  3) Design Hierarchy Analysis
  4) HDL Analysis
  5) HDL Synthesis
     5.1) HDL Synthesis Report
  6) Advanced HDL Synthesis
     6.1) Advanced HDL Synthesis Report
  7) Low Level Synthesis
  8) Partition Report
  9) Final Report
	9.1) Device utilization summary
	9.2) Partition Resource Summary
	9.3) TIMING REPORT


=========================================================================
*                      Synthesis Options Summary                        *
=========================================================================
---- Source Parameters
Input File Name                    : "MotherBoard.prj"
Input Format                       : mixed
Ignore Synthesis Constraint File   : NO

---- Target Parameters
Output File Name                   : "MotherBoard"
Output Format                      : NGC
Target Device                      : xc3s500e-4-fg320

---- Source Options
Top Module Name                    : MotherBoard
Automatic FSM Extraction           : YES
FSM Encoding Algorithm             : Auto
Safe Implementation                : No
FSM Style                          : LUT
RAM Extraction                     : Yes
RAM Style                          : Auto
ROM Extraction                     : Yes
Mux Style                          : Auto
Decoder Extraction                 : YES
Priority Encoder Extraction        : Yes
Shift Register Extraction          : YES
Logical Shifter Extraction         : YES
XOR Collapsing                     : YES
ROM Style                          : Auto
Mux Extraction                     : Yes
Resource Sharing                   : YES
Asynchronous To Synchronous        : NO
Multiplier Style                   : Auto
Automatic Register Balancing       : No

---- Target Options
Add IO Buffers                     : YES
Global Maximum Fanout              : 100000
Add Generic Clock Buffer(BUFG)     : 16
Register Duplication               : YES
Slice Packing                      : YES
Optimize Instantiated Primitives   : NO
Use Clock Enable                   : Auto
Use Synchronous Set                : Auto
Use Synchronous Reset              : Auto
Pack IO Registers into IOBs        : Auto
Equivalent register Removal        : YES

---- General Options
Optimization Goal                  : Speed
Optimization Effort                : 1
Keep Hierarchy                     : No
Netlist Hierarchy                  : As_Optimized
RTL Output                         : Yes
Global Optimization                : AllClockNets
Read Cores                         : YES
Write Timing Constraints           : NO
Cross Clock Analysis               : NO
Hierarchy Separator                : /
Bus Delimiter                      : <>
Case Specifier                     : Maintain
Slice Utilization Ratio            : 100
BRAM Utilization Ratio             : 100
Verilog 2001                       : YES
Auto BRAM Packing                  : NO
Slice Utilization Ratio Delta      : 5

=========================================================================


=========================================================================
*                          HDL Compilation                              *
=========================================================================
Compiling vhdl file "C:/Users/paulo/Desktop/AC/Projeto_um_AC-PAULOALVES.2120722_RENATOPESSEGO.2121922/Peri_Entrada.vhd" in Library work.
Architecture behavioral of Entity peri_entrada is up to date.
Compiling vhdl file "C:/Users/paulo/Desktop/AC/Projeto_um_AC-PAULOALVES.2120722_RENATOPESSEGO.2121922/Peri_Saida.vhd" in Library work.
Architecture behavioral of Entity peri_saida is up to date.
Compiling vhdl file "C:/Users/paulo/Desktop/AC/Projeto_um_AC-PAULOALVES.2120722_RENATOPESSEGO.2121922/ALU.vhd" in Library work.
Architecture behavioral of Entity alu is up to date.
Compiling vhdl file "C:/Users/paulo/Desktop/AC/Projeto_um_AC-PAULOALVES.2120722_RENATOPESSEGO.2121922/Reg_Flags.vhd" in Library work.
Architecture behavioral of Entity reg_flags is up to date.
Compiling vhdl file "C:/Users/paulo/Desktop/AC/Projeto_um_AC-PAULOALVES.2120722_RENATOPESSEGO.2121922/Porta_NOR.vhd" in Library work.
Entity <Porta_NOR> compiled.
Entity <Porta_NOR> (Architecture <Behavorial>) compiled.
Compiling vhdl file "C:/Users/paulo/Desktop/AC/Projeto_um_AC-PAULOALVES.2120722_RENATOPESSEGO.2121922/Mux_PC.vhd" in Library work.
Entity <mux_pc> compiled.
Entity <mux_pc> (Architecture <behavioral>) compiled.
Compiling vhdl file "C:/Users/paulo/Desktop/AC/Projeto_um_AC-PAULOALVES.2120722_RENATOPESSEGO.2121922/Banco_Reg.vhd" in Library work.
Architecture behavioral of Entity banco_reg is up to date.
Compiling vhdl file "C:/Users/paulo/Desktop/AC/Projeto_um_AC-PAULOALVES.2120722_RENATOPESSEGO.2121922/MUX_R.vhd" in Library work.
Architecture behavioral of Entity mux_r is up to date.
Compiling vhdl file "C:/Users/paulo/Desktop/AC/Projeto_um_AC-PAULOALVES.2120722_RENATOPESSEGO.2121922/PC.vhd" in Library work.
Architecture behavioral of Entity pc is up to date.
Compiling vhdl file "C:/Users/paulo/Desktop/AC/Projeto_um_AC-PAULOALVES.2120722_RENATOPESSEGO.2121922/ROM_Descod.vhd" in Library work.
Architecture behavioral of Entity rom_descod is up to date.
Compiling vhdl file "C:/Users/paulo/Desktop/AC/Projeto_um_AC-PAULOALVES.2120722_RENATOPESSEGO.2121922/Processador.vhd" in Library work.
Entity <processador> compiled.
Entity <processador> (Architecture <struct>) compiled.
Compiling vhdl file "C:/Users/paulo/Desktop/AC/Projeto_um_AC-PAULOALVES.2120722_RENATOPESSEGO.2121922/Mem_Dados.vhd" in Library work.
Architecture behavioral of Entity mem_dados is up to date.
Compiling vhdl file "C:/Users/paulo/Desktop/AC/Projeto_um_AC-PAULOALVES.2120722_RENATOPESSEGO.2121922/Memoria_Instr.vhd" in Library work.
Architecture behavioral of Entity memoria_instr is up to date.
Compiling vhdl file "C:/Users/paulo/Desktop/AC/Projeto_um_AC-PAULOALVES.2120722_RENATOPESSEGO.2121922/MotherBoard.vhd" in Library work.
Architecture struct of Entity motherboard is up to date.

=========================================================================
*                     Design Hierarchy Analysis                         *
=========================================================================
Analyzing hierarchy for entity <MotherBoard> in library <work> (architecture <struct>).

Analyzing hierarchy for entity <Processador> in library <work> (architecture <struct>).

Analyzing hierarchy for entity <Mem_Dados> in library <work> (architecture <behavioral>).

Analyzing hierarchy for entity <Memoria_Instr> in library <work> (architecture <behavioral>).

Analyzing hierarchy for entity <Peri_Entrada> in library <work> (architecture <behavioral>).

Analyzing hierarchy for entity <Peri_Saida> in library <work> (architecture <behavioral>).

Analyzing hierarchy for entity <ALU> in library <work> (architecture <behavioral>).

Analyzing hierarchy for entity <Reg_Flags> in library <work> (architecture <behavioral>).

Analyzing hierarchy for entity <Porta_NOR> in library <work> (architecture <Behavorial>).

Analyzing hierarchy for entity <Mux_PC> in library <work> (architecture <behavioral>).

Analyzing hierarchy for entity <Banco_Reg> in library <work> (architecture <behavioral>).

Analyzing hierarchy for entity <MUX_R> in library <work> (architecture <behavioral>).

Analyzing hierarchy for entity <PC> in library <work> (architecture <behavioral>).

Analyzing hierarchy for entity <ROM_Descod> in library <work> (architecture <behavioral>).


=========================================================================
*                            HDL Analysis                               *
=========================================================================
Analyzing Entity <MotherBoard> in library <work> (Architecture <struct>).
Entity <MotherBoard> analyzed. Unit <MotherBoard> generated.

Analyzing Entity <Processador> in library <work> (Architecture <struct>).
Entity <Processador> analyzed. Unit <Processador> generated.

Analyzing Entity <Peri_Entrada> in library <work> (Architecture <behavioral>).
Entity <Peri_Entrada> analyzed. Unit <Peri_Entrada> generated.

Analyzing Entity <Peri_Saida> in library <work> (Architecture <behavioral>).
Entity <Peri_Saida> analyzed. Unit <Peri_Saida> generated.

Analyzing Entity <ALU> in library <work> (Architecture <behavioral>).
Entity <ALU> analyzed. Unit <ALU> generated.

Analyzing Entity <Reg_Flags> in library <work> (Architecture <behavioral>).
Entity <Reg_Flags> analyzed. Unit <Reg_Flags> generated.

Analyzing Entity <Porta_NOR> in library <work> (Architecture <Behavorial>).
Entity <Porta_NOR> analyzed. Unit <Porta_NOR> generated.

Analyzing Entity <Mux_PC> in library <work> (Architecture <behavioral>).
WARNING:Xst:819 - "C:/Users/paulo/Desktop/AC/Projeto_um_AC-PAULOALVES.2120722_RENATOPESSEGO.2121922/Mux_PC.vhd" line 45: One or more signals are missing in the process sensitivity list. To enable synthesis of FPGA/CPLD hardware, XST will assume that all necessary signals are present in the sensitivity list. Please note that the result of the synthesis may differ from the initial design specification. The missing signals are:
   <zero>, <um>, <saida_nor>
Entity <Mux_PC> analyzed. Unit <Mux_PC> generated.

Analyzing Entity <Banco_Reg> in library <work> (Architecture <behavioral>).
WARNING:Xst:819 - "C:/Users/paulo/Desktop/AC/Projeto_um_AC-PAULOALVES.2120722_RENATOPESSEGO.2121922/Banco_Reg.vhd" line 54: One or more signals are missing in the process sensitivity list. To enable synthesis of FPGA/CPLD hardware, XST will assume that all necessary signals are present in the sensitivity list. Please note that the result of the synthesis may differ from the initial design specification. The missing signals are:
   <SEL_R>, <R0>, <R1>, <R2>, <R3>, <R4>, <R5>, <R6>, <R7>
Entity <Banco_Reg> analyzed. Unit <Banco_Reg> generated.

Analyzing Entity <MUX_R> in library <work> (Architecture <behavioral>).
INFO:Xst:1561 - "C:/Users/paulo/Desktop/AC/Projeto_um_AC-PAULOALVES.2120722_RENATOPESSEGO.2121922/MUX_R.vhd" line 50: Mux is complete : default of case is discarded
Entity <MUX_R> analyzed. Unit <MUX_R> generated.

Analyzing Entity <PC> in library <work> (Architecture <behavioral>).
Entity <PC> analyzed. Unit <PC> generated.

Analyzing Entity <ROM_Descod> in library <work> (Architecture <behavioral>).
Entity <ROM_Descod> analyzed. Unit <ROM_Descod> generated.

Analyzing Entity <Mem_Dados> in library <work> (Architecture <behavioral>).
WARNING:Xst:819 - "C:/Users/paulo/Desktop/AC/Projeto_um_AC-PAULOALVES.2120722_RENATOPESSEGO.2121922/Mem_Dados.vhd" line 44: One or more signals are missing in the process sensitivity list. To enable synthesis of FPGA/CPLD hardware, XST will assume that all necessary signals are present in the sensitivity list. Please note that the result of the synthesis may differ from the initial design specification. The missing signals are:
   <WR>, <memoria>
Entity <Mem_Dados> analyzed. Unit <Mem_Dados> generated.

Analyzing Entity <Memoria_Instr> in library <work> (Architecture <behavioral>).
Entity <Memoria_Instr> analyzed. Unit <Memoria_Instr> generated.


=========================================================================
*                           HDL Synthesis                               *
=========================================================================

Performing bidirectional port resolution...

Synthesizing Unit <Mem_Dados>.
    Related source file is "C:/Users/paulo/Desktop/AC/Projeto_um_AC-PAULOALVES.2120722_RENATOPESSEGO.2121922/Mem_Dados.vhd".
    Found 256x8-bit single-port RAM <Mram_memoria> for signal <memoria>.
WARNING:Xst:737 - Found 8-bit latch for signal <Dados_M>. Latches may be generated from incomplete case or if statements. We do not recommend the use of latches in FPGA/CPLD designs, as they may lead to timing problems.
    Summary:
	inferred   1 RAM(s).
Unit <Mem_Dados> synthesized.


Synthesizing Unit <Memoria_Instr>.
    Related source file is "C:/Users/paulo/Desktop/AC/Projeto_um_AC-PAULOALVES.2120722_RENATOPESSEGO.2121922/Memoria_Instr.vhd".
    Found 27x5-bit ROM for signal <opcode>.
    Summary:
	inferred   1 ROM(s).
Unit <Memoria_Instr> synthesized.


Synthesizing Unit <Peri_Entrada>.
    Related source file is "C:/Users/paulo/Desktop/AC/Projeto_um_AC-PAULOALVES.2120722_RENATOPESSEGO.2121922/Peri_Entrada.vhd".
WARNING:Xst:737 - Found 8-bit latch for signal <Dados_IN>. Latches may be generated from incomplete case or if statements. We do not recommend the use of latches in FPGA/CPLD designs, as they may lead to timing problems.
Unit <Peri_Entrada> synthesized.


Synthesizing Unit <Peri_Saida>.
    Related source file is "C:/Users/paulo/Desktop/AC/Projeto_um_AC-PAULOALVES.2120722_RENATOPESSEGO.2121922/Peri_Saida.vhd".
    Found 8-bit register for signal <POUT>.
    Summary:
	inferred   8 D-type flip-flop(s).
Unit <Peri_Saida> synthesized.


Synthesizing Unit <ALU>.
    Related source file is "C:/Users/paulo/Desktop/AC/Projeto_um_AC-PAULOALVES.2120722_RENATOPESSEGO.2121922/ALU.vhd".
WARNING:Xst:737 - Found 5-bit latch for signal <E_FLAG>. Latches may be generated from incomplete case or if statements. We do not recommend the use of latches in FPGA/CPLD designs, as they may lead to timing problems.
WARNING:Xst:737 - Found 8-bit latch for signal <Resultado>. Latches may be generated from incomplete case or if statements. We do not recommend the use of latches in FPGA/CPLD designs, as they may lead to timing problems.
INFO:Xst:2371 - HDL ADVISOR - Logic functions respectively driving the data and gate enable inputs of this latch share common terms. This situation will potentially lead to setup/hold violations and, as a result, to simulation problems. This situation may come from an incomplete case statement (all selector values are not covered). You should carefully review if it was in your intentions to describe such a latch.
    Found 8-bit comparator equal for signal <E_FLAG$cmp_eq0000> created at line 54.
    Found 8-bit comparator greater for signal <E_FLAG$cmp_gt0000> created at line 60.
    Found 8-bit comparator less for signal <E_FLAG$cmp_lt0000> created at line 57.
    Found 8-bit addsub for signal <Resultado$addsub0000>.
    Found 8-bit 8-to-1 multiplexer for signal <Resultado$mux0001>.
    Found 8-bit xor2 for signal <Resultado$xor0000> created at line 51.
    Summary:
	inferred   1 Adder/Subtractor(s).
	inferred   3 Comparator(s).
	inferred   8 Multiplexer(s).
Unit <ALU> synthesized.


Synthesizing Unit <Reg_Flags>.
    Related source file is "C:/Users/paulo/Desktop/AC/Projeto_um_AC-PAULOALVES.2120722_RENATOPESSEGO.2121922/Reg_Flags.vhd".
WARNING:Xst:647 - Input <ESCR_R<0>> is never used. This port will be preserved and left unconnected if it belongs to a top-level block or it belongs to a sub-block and the hierarchy of this sub-block is preserved.
    Found 1-bit 5-to-1 multiplexer for signal <S_FLAG>.
    Found 5-bit register for signal <mem>.
    Summary:
	inferred   5 D-type flip-flop(s).
	inferred   1 Multiplexer(s).
Unit <Reg_Flags> synthesized.


Synthesizing Unit <Porta_NOR>.
    Related source file is "C:/Users/paulo/Desktop/AC/Projeto_um_AC-PAULOALVES.2120722_RENATOPESSEGO.2121922/Porta_NOR.vhd".
Unit <Porta_NOR> synthesized.


Synthesizing Unit <Mux_PC>.
    Related source file is "C:/Users/paulo/Desktop/AC/Projeto_um_AC-PAULOALVES.2120722_RENATOPESSEGO.2121922/Mux_PC.vhd".
WARNING:Xst:647 - Input <Operando1<6:0>> is never used. This port will be preserved and left unconnected if it belongs to a top-level block or it belongs to a sub-block and the hierarchy of this sub-block is preserved.
    Found 1-bit 5-to-1 multiplexer for signal <ESCR_PC>.
    Summary:
	inferred   1 Multiplexer(s).
Unit <Mux_PC> synthesized.


Synthesizing Unit <Banco_Reg>.
    Related source file is "C:/Users/paulo/Desktop/AC/Projeto_um_AC-PAULOALVES.2120722_RENATOPESSEGO.2121922/Banco_Reg.vhd".
WARNING:Xst:647 - Input <ESCR_R<1>> is never used. This port will be preserved and left unconnected if it belongs to a top-level block or it belongs to a sub-block and the hierarchy of this sub-block is preserved.
    Found 8-bit 8-to-1 multiplexer for signal <Operando1>.
    Found 8-bit 8-to-1 multiplexer for signal <Operando2>.
    Found 8-bit register for signal <R0>.
    Found 8-bit register for signal <R1>.
    Found 8-bit register for signal <R2>.
    Found 8-bit register for signal <R3>.
    Found 8-bit register for signal <R4>.
    Found 8-bit register for signal <R5>.
    Found 8-bit register for signal <R6>.
    Found 8-bit register for signal <R7>.
    Summary:
	inferred  64 D-type flip-flop(s).
	inferred  16 Multiplexer(s).
Unit <Banco_Reg> synthesized.


Synthesizing Unit <MUX_R>.
    Related source file is "C:/Users/paulo/Desktop/AC/Projeto_um_AC-PAULOALVES.2120722_RENATOPESSEGO.2121922/MUX_R.vhd".
    Found 8-bit 4-to-1 multiplexer for signal <Dados_R>.
    Summary:
	inferred   8 Multiplexer(s).
Unit <MUX_R> synthesized.


Synthesizing Unit <PC>.
    Related source file is "C:/Users/paulo/Desktop/AC/Projeto_um_AC-PAULOALVES.2120722_RENATOPESSEGO.2121922/PC.vhd".
    Found 8-bit up counter for signal <contador>.
    Summary:
	inferred   1 Counter(s).
Unit <PC> synthesized.


Synthesizing Unit <ROM_Descod>.
    Related source file is "C:/Users/paulo/Desktop/AC/Projeto_um_AC-PAULOALVES.2120722_RENATOPESSEGO.2121922/ROM_Descod.vhd".
    Found 16x2-bit ROM for signal <ESCR_R$mux0000>.
    Summary:
	inferred   1 ROM(s).
Unit <ROM_Descod> synthesized.


Synthesizing Unit <Processador>.
    Related source file is "C:/Users/paulo/Desktop/AC/Projeto_um_AC-PAULOALVES.2120722_RENATOPESSEGO.2121922/Processador.vhd".
Unit <Processador> synthesized.


Synthesizing Unit <MotherBoard>.
    Related source file is "C:/Users/paulo/Desktop/AC/Projeto_um_AC-PAULOALVES.2120722_RENATOPESSEGO.2121922/MotherBoard.vhd".
Unit <MotherBoard> synthesized.

INFO:Xst:1767 - HDL ADVISOR - Resource sharing has identified that some arithmetic operations in this design can share the same physical resources for reduced device utilization. For improved clock frequency you may try to disable resource sharing.

=========================================================================
HDL Synthesis Report

Macro Statistics
# RAMs                                                 : 1
 256x8-bit single-port RAM                             : 1
# ROMs                                                 : 2
 16x2-bit ROM                                          : 1
 27x5-bit ROM                                          : 1
# Adders/Subtractors                                   : 1
 8-bit addsub                                          : 1
# Counters                                             : 1
 8-bit up counter                                      : 1
# Registers                                            : 10
 5-bit register                                        : 1
 8-bit register                                        : 9
# Latches                                              : 4
 5-bit latch                                           : 1
 8-bit latch                                           : 3
# Comparators                                          : 3
 8-bit comparator equal                                : 1
 8-bit comparator greater                              : 1
 8-bit comparator less                                 : 1
# Multiplexers                                         : 6
 1-bit 5-to-1 multiplexer                              : 2
 8-bit 4-to-1 multiplexer                              : 1
 8-bit 8-to-1 multiplexer                              : 3
# Xors                                                 : 1
 8-bit xor2                                            : 1

=========================================================================

=========================================================================
*                       Advanced HDL Synthesis                          *
=========================================================================


Synthesizing (advanced) Unit <Mem_Dados>.
INFO:Xst:3218 - HDL ADVISOR - The RAM <Mram_memoria> will be implemented on LUTs either because you have described an asynchronous read or because of currently unsupported block RAM features. If you have described an asynchronous read, making it synchronous would allow you to take advantage of available block RAM resources, for optimized device usage and improved timings. Please refer to your documentation for coding guidelines.
    -----------------------------------------------------------------------
    | ram_type           | Distributed                         |          |
    -----------------------------------------------------------------------
    | Port A                                                              |
    |     aspect ratio   | 256-word x 8-bit                    |          |
    |     clkA           | connected to signal <clk>           | rise     |
    |     weA            | connected to signal <WR>            | high     |
    |     addrA          | connected to signal <ConstanteCPU>  |          |
    |     diA            | connected to signal <Operando1>     |          |
    |     doA            | connected to internal node          |          |
    -----------------------------------------------------------------------
Unit <Mem_Dados> synthesized (advanced).

=========================================================================
Advanced HDL Synthesis Report

Macro Statistics
# RAMs                                                 : 1
 256x8-bit single-port distributed RAM                 : 1
# ROMs                                                 : 2
 16x2-bit ROM                                          : 1
 27x5-bit ROM                                          : 1
# Adders/Subtractors                                   : 1
 8-bit addsub                                          : 1
# Counters                                             : 1
 8-bit up counter                                      : 1
# Registers                                            : 77
 Flip-Flops                                            : 77
# Latches                                              : 4
 5-bit latch                                           : 1
 8-bit latch                                           : 3
# Comparators                                          : 3
 8-bit comparator equal                                : 1
 8-bit comparator greater                              : 1
 8-bit comparator less                                 : 1
# Multiplexers                                         : 20
 1-bit 5-to-1 multiplexer                              : 2
 1-bit 8-to-1 multiplexer                              : 16
 8-bit 4-to-1 multiplexer                              : 1
 8-bit 8-to-1 multiplexer                              : 1
# Xors                                                 : 1
 8-bit xor2                                            : 1

=========================================================================

=========================================================================
*                         Low Level Synthesis                           *
=========================================================================

Optimizing unit <MotherBoard> ...

Optimizing unit <Peri_Saida> ...

Optimizing unit <Banco_Reg> ...

Optimizing unit <ALU> ...

Optimizing unit <Processador> ...
WARNING:Xst:2677 - Node <CPU/ProgCounter/contador_7> of sequential type is unconnected in block <MotherBoard>.
WARNING:Xst:2677 - Node <CPU/ProgCounter/contador_6> of sequential type is unconnected in block <MotherBoard>.
WARNING:Xst:2677 - Node <CPU/ProgCounter/contador_5> of sequential type is unconnected in block <MotherBoard>.
INFO:Xst:2399 - RAMs <Memoria_Dados/Mram_memoria4>, <Memoria_Dados/Mram_memoria2> are equivalent, second RAM is removed
INFO:Xst:2399 - RAMs <Memoria_Dados/Mram_memoria4>, <Memoria_Dados/Mram_memoria3> are equivalent, second RAM is removed
INFO:Xst:2399 - RAMs <Memoria_Dados/Mram_memoria4>, <Memoria_Dados/Mram_memoria5> are equivalent, second RAM is removed
INFO:Xst:2399 - RAMs <Memoria_Dados/Mram_memoria4>, <Memoria_Dados/Mram_memoria6> are equivalent, second RAM is removed
INFO:Xst:2399 - RAMs <Memoria_Dados/Mram_memoria4>, <Memoria_Dados/Mram_memoria7> are equivalent, second RAM is removed
INFO:Xst:2399 - RAMs <Memoria_Dados/Mram_memoria10>, <Memoria_Dados/Mram_memoria11> are equivalent, second RAM is removed
INFO:Xst:2399 - RAMs <Memoria_Dados/Mram_memoria10>, <Memoria_Dados/Mram_memoria12> are equivalent, second RAM is removed
INFO:Xst:2399 - RAMs <Memoria_Dados/Mram_memoria10>, <Memoria_Dados/Mram_memoria13> are equivalent, second RAM is removed
INFO:Xst:2399 - RAMs <Memoria_Dados/Mram_memoria10>, <Memoria_Dados/Mram_memoria14> are equivalent, second RAM is removed
INFO:Xst:2399 - RAMs <Memoria_Dados/Mram_memoria10>, <Memoria_Dados/Mram_memoria15> are equivalent, second RAM is removed
INFO:Xst:2399 - RAMs <Memoria_Dados/Mram_memoria18>, <Memoria_Dados/Mram_memoria19> are equivalent, second RAM is removed
INFO:Xst:2399 - RAMs <Memoria_Dados/Mram_memoria18>, <Memoria_Dados/Mram_memoria20> are equivalent, second RAM is removed
INFO:Xst:2399 - RAMs <Memoria_Dados/Mram_memoria18>, <Memoria_Dados/Mram_memoria23> are equivalent, second RAM is removed
INFO:Xst:2399 - RAMs <Memoria_Dados/Mram_memoria18>, <Memoria_Dados/Mram_memoria21> are equivalent, second RAM is removed
INFO:Xst:2399 - RAMs <Memoria_Dados/Mram_memoria18>, <Memoria_Dados/Mram_memoria22> are equivalent, second RAM is removed
INFO:Xst:2399 - RAMs <Memoria_Dados/Mram_memoria28>, <Memoria_Dados/Mram_memoria26> are equivalent, second RAM is removed
INFO:Xst:2399 - RAMs <Memoria_Dados/Mram_memoria28>, <Memoria_Dados/Mram_memoria27> are equivalent, second RAM is removed
INFO:Xst:2399 - RAMs <Memoria_Dados/Mram_memoria28>, <Memoria_Dados/Mram_memoria29> are equivalent, second RAM is removed
INFO:Xst:2399 - RAMs <Memoria_Dados/Mram_memoria28>, <Memoria_Dados/Mram_memoria30> are equivalent, second RAM is removed
INFO:Xst:2399 - RAMs <Memoria_Dados/Mram_memoria28>, <Memoria_Dados/Mram_memoria31> are equivalent, second RAM is removed
INFO:Xst:2399 - RAMs <Memoria_Dados/Mram_memoria34>, <Memoria_Dados/Mram_memoria37> are equivalent, second RAM is removed
INFO:Xst:2399 - RAMs <Memoria_Dados/Mram_memoria34>, <Memoria_Dados/Mram_memoria35> are equivalent, second RAM is removed
INFO:Xst:2399 - RAMs <Memoria_Dados/Mram_memoria34>, <Memoria_Dados/Mram_memoria36> are equivalent, second RAM is removed
INFO:Xst:2399 - RAMs <Memoria_Dados/Mram_memoria34>, <Memoria_Dados/Mram_memoria38> are equivalent, second RAM is removed
INFO:Xst:2399 - RAMs <Memoria_Dados/Mram_memoria34>, <Memoria_Dados/Mram_memoria39> are equivalent, second RAM is removed
INFO:Xst:2399 - RAMs <Memoria_Dados/Mram_memoria42>, <Memoria_Dados/Mram_memoria43> are equivalent, second RAM is removed
INFO:Xst:2399 - RAMs <Memoria_Dados/Mram_memoria42>, <Memoria_Dados/Mram_memoria44> are equivalent, second RAM is removed
INFO:Xst:2399 - RAMs <Memoria_Dados/Mram_memoria42>, <Memoria_Dados/Mram_memoria47> are equivalent, second RAM is removed
INFO:Xst:2399 - RAMs <Memoria_Dados/Mram_memoria42>, <Memoria_Dados/Mram_memoria45> are equivalent, second RAM is removed
INFO:Xst:2399 - RAMs <Memoria_Dados/Mram_memoria42>, <Memoria_Dados/Mram_memoria46> are equivalent, second RAM is removed
INFO:Xst:2399 - RAMs <Memoria_Dados/Mram_memoria50>, <Memoria_Dados/Mram_memoria51> are equivalent, second RAM is removed
INFO:Xst:2399 - RAMs <Memoria_Dados/Mram_memoria50>, <Memoria_Dados/Mram_memoria52> are equivalent, second RAM is removed
INFO:Xst:2399 - RAMs <Memoria_Dados/Mram_memoria50>, <Memoria_Dados/Mram_memoria53> are equivalent, second RAM is removed
INFO:Xst:2399 - RAMs <Memoria_Dados/Mram_memoria50>, <Memoria_Dados/Mram_memoria54> are equivalent, second RAM is removed
INFO:Xst:2399 - RAMs <Memoria_Dados/Mram_memoria50>, <Memoria_Dados/Mram_memoria55> are equivalent, second RAM is removed
INFO:Xst:2399 - RAMs <Memoria_Dados/Mram_memoria58>, <Memoria_Dados/Mram_memoria61> are equivalent, second RAM is removed
INFO:Xst:2399 - RAMs <Memoria_Dados/Mram_memoria58>, <Memoria_Dados/Mram_memoria59> are equivalent, second RAM is removed
INFO:Xst:2399 - RAMs <Memoria_Dados/Mram_memoria58>, <Memoria_Dados/Mram_memoria60> are equivalent, second RAM is removed
INFO:Xst:2399 - RAMs <Memoria_Dados/Mram_memoria58>, <Memoria_Dados/Mram_memoria62> are equivalent, second RAM is removed
INFO:Xst:2399 - RAMs <Memoria_Dados/Mram_memoria58>, <Memoria_Dados/Mram_memoria63> are equivalent, second RAM is removed

Mapping all equations...
Building and optimizing final netlist ...
Found area constraint ratio of 100 (+ 5) on block MotherBoard, actual ratio is 4.
FlipFlop CPU/ProgCounter/contador_0 has been replicated 1 time(s)

Final Macro Processing ...

=========================================================================
Final Register Report

Macro Statistics
# Registers                                            : 83
 Flip-Flops                                            : 83

=========================================================================

=========================================================================
*                           Partition Report                            *
=========================================================================

Partition Implementation Status
-------------------------------

  No Partitions were found in this design.

-------------------------------

=========================================================================
*                            Final Report                               *
=========================================================================
Final Results
RTL Top Level Output File Name     : MotherBoard.ngr
Top Level Output File Name         : MotherBoard
Output Format                      : NGC
Optimization Goal                  : Speed
Keep Hierarchy                     : No

Design Statistics
# IOs                              : 18

Cell Usage :
# BELS                             : 439
#      GND                         : 1
#      INV                         : 2
#      LUT1                        : 24
#      LUT2                        : 30
#      LUT2_L                      : 1
#      LUT3                        : 144
#      LUT3_L                      : 1
#      LUT4                        : 67
#      LUT4_D                      : 6
#      LUT4_L                      : 1
#      MUXCY                       : 27
#      MUXF5                       : 89
#      MUXF6                       : 32
#      VCC                         : 1
#      XORCY                       : 13
# FlipFlops/Latches                : 112
#      FDE                         : 77
#      FDR                         : 6
#      LD                          : 8
#      LD_1                        : 16
#      LDCP                        : 5
# RAMS                             : 24
#      RAM32X1S                    : 24
# Clock Buffers                    : 1
#      BUFGP                       : 1
# IO Buffers                       : 17
#      IBUF                        : 9
#      OBUF                        : 8
=========================================================================

Device utilization summary:
---------------------------

Selected Device : 3s500efg320-4 

 Number of Slices:                      169  out of   4656     3%  
 Number of Slice Flip Flops:            104  out of   9312     1%  
 Number of 4 input LUTs:                324  out of   9312     3%  
    Number used as logic:               276
    Number used as RAMs:                 48
 Number of IOs:                          18
 Number of bonded IOBs:                  18  out of    232     7%  
    IOB Flip Flops:                       8
 Number of GCLKs:                         1  out of     24     4%  

---------------------------
Partition Resource Summary:
---------------------------

  No Partitions were found in this design.

---------------------------


=========================================================================
TIMING REPORT

NOTE: THESE TIMING NUMBERS ARE ONLY A SYNTHESIS ESTIMATE.
      FOR ACCURATE TIMING INFORMATION PLEASE REFER TO THE TRACE REPORT
      GENERATED AFTER PLACE-and-ROUTE.

Clock Information:
------------------
---------------------------------------------------------------+------------------------------------------+-------+
Clock Signal                                                   | Clock buffer(FF name)                    | Load  |
---------------------------------------------------------------+------------------------------------------+-------+
clk                                                            | BUFGP                                    | 107   |
WR(CPU/WR:O)                                                   | NONE(*)(Memoria_Dados/Dados_M_0)         | 8     |
CPU/ALU_op/E_FLAG_cmp_eq0000(CPU/ALU_op/E_FLAG_cmp_eq0000826:O)| NONE(*)(CPU/ALU_op/E_FLAG_0)             | 5     |
CPU/ALU_op/Resultado_not0004(CPU/ALU_op/Resultado_not00041:O)  | NONE(*)(CPU/ALU_op/Resultado_0)          | 8     |
CPU/ESCR_P(CPU/ROMDescodificacao/ESCR_P_cmp_eq0000:O)          | NONE(*)(CPU/PerifericoEntrada/Dados_IN_7)| 8     |
---------------------------------------------------------------+------------------------------------------+-------+
(*) These 4 clock signal(s) are generated by combinatorial logic,
and XST is not able to identify which are the primary clock signals.
Please use the CLOCK_SIGNAL constraint to specify the clock signal(s) generated by combinatorial logic.
INFO:Xst:2169 - HDL ADVISOR - Some clock signals were not automatically buffered by XST with BUFG/BUFR resources. Please use the buffer_type constraint in order to insert these buffers to the clock signals to help prevent skew problems.

Asynchronous Control Signals Information:
----------------------------------------
------------------------------------------------------------------------------------+--------------------------+-------+
Control Signal                                                                      | Buffer(FF name)          | Load  |
------------------------------------------------------------------------------------+--------------------------+-------+
CPU/ALU_op/E_FLAG_0__or0000(CPU/ALU_op/Mcompar_E_FLAG_cmp_gt0000_cy<7>_inv_INV_0:O) | NONE(CPU/ALU_op/E_FLAG_0)| 4     |
CPU/ALU_op/E_FLAG_0__and0000(CPU/ALU_op/Mcompar_E_FLAG_cmp_lt0000_cy<7>_inv_INV_0:O)| NONE(CPU/ALU_op/E_FLAG_0)| 2     |
CPU/ALU_op/E_FLAG_3__and0000(CPU/ALU_op/E_FLAG_3__and00001:O)                       | NONE(CPU/ALU_op/E_FLAG_3)| 2     |
CPU/ALU_op/E_FLAG_2__or0000(CPU/ALU_op/E_FLAG_2__or00001:O)                         | NONE(CPU/ALU_op/E_FLAG_2)| 1     |
N0(XST_GND:G)                                                                       | NONE(CPU/ALU_op/E_FLAG_2)| 1     |
------------------------------------------------------------------------------------+--------------------------+-------+

Timing Summary:
---------------
Speed Grade: -4

   Minimum period: 11.763ns (Maximum Frequency: 85.012MHz)
   Minimum input arrival time before clock: 2.798ns
   Maximum output required time after clock: 4.283ns
   Maximum combinational path delay: No path found

Timing Detail:
--------------
All values displayed in nanoseconds (ns)

=========================================================================
Timing constraint: Default period analysis for Clock 'clk'
  Clock period: 11.763ns (frequency: 85.012MHz)
  Total number of paths / destination ports: 33294 / 315
-------------------------------------------------------------------------
Delay:               11.763ns (Levels of Logic = 13)
  Source:            CPU/ProgCounter/contador_4 (FF)
  Destination:       CPU/ProgCounter/contador_4 (FF)
  Source Clock:      clk rising
  Destination Clock: clk rising

  Data Path: CPU/ProgCounter/contador_4 to CPU/ProgCounter/contador_4
                                Gate     Net
    Cell:in->out      fanout   Delay   Delay  Logical Name (Net Name)
    ----------------------------------------  ------------
     FDR:C->Q             38   0.591   1.439  CPU/ProgCounter/contador_4 (CPU/ProgCounter/contador_4)
     LUT4:I0->O            1   0.704   0.000  Memoria_Instrucoes/SEL_R_0_mux0000_1_F (N159)
     MUXF5:I0->O          16   0.321   1.069  Memoria_Instrucoes/SEL_R_0_mux0000_1 (Memoria_Instrucoes/SEL_R_0_mux0000)
     LUT3:I2->O            1   0.704   0.000  CPU/Banco_Registos/mux1_6 (CPU/Banco_Registos/mux1_6)
     MUXF5:I0->O           1   0.321   0.000  CPU/Banco_Registos/mux1_4_f5 (CPU/Banco_Registos/mux1_4_f5)
     MUXF6:I0->O          12   0.521   0.996  CPU/Banco_Registos/mux1_2_f6 (Operando1<1>)
     LUT4:I2->O            1   0.704   0.595  CPU/SEL_PC<2>76_SW1 (N80)
     LUT4_D:I0->O          5   0.704   0.637  CPU/SEL_PC<2>76 (CPU/SEL_PC<2>76)
     LUT4:I3->O            1   0.704   0.000  CPU/ProgCounter/Mcount_contador_lut<0> (CPU/ProgCounter/Mcount_contador_lut<0>)
     MUXCY:S->O            1   0.464   0.000  CPU/ProgCounter/Mcount_contador_cy<0> (CPU/ProgCounter/Mcount_contador_cy<0>)
     MUXCY:CI->O           1   0.059   0.000  CPU/ProgCounter/Mcount_contador_cy<1> (CPU/ProgCounter/Mcount_contador_cy<1>)
     MUXCY:CI->O           1   0.059   0.000  CPU/ProgCounter/Mcount_contador_cy<2> (CPU/ProgCounter/Mcount_contador_cy<2>)
     MUXCY:CI->O           0   0.059   0.000  CPU/ProgCounter/Mcount_contador_cy<3> (CPU/ProgCounter/Mcount_contador_cy<3>)
     XORCY:CI->O           1   0.804   0.000  CPU/ProgCounter/Mcount_contador_xor<4> (CPU/ProgCounter/Mcount_contador4)
     FDR:D                     0.308          CPU/ProgCounter/contador_4
    ----------------------------------------
    Total                     11.763ns (7.027ns logic, 4.736ns route)
                                       (59.7% logic, 40.3% route)

=========================================================================
Timing constraint: Default OFFSET IN BEFORE for Clock 'CPU/ESCR_P'
  Total number of paths / destination ports: 8 / 8
-------------------------------------------------------------------------
Offset:              1.946ns (Levels of Logic = 1)
  Source:            PIN<7> (PAD)
  Destination:       CPU/PerifericoEntrada/Dados_IN_7 (LATCH)
  Destination Clock: CPU/ESCR_P rising

  Data Path: PIN<7> to CPU/PerifericoEntrada/Dados_IN_7
                                Gate     Net
    Cell:in->out      fanout   Delay   Delay  Logical Name (Net Name)
    ----------------------------------------  ------------
     IBUF:I->O             1   1.218   0.420  PIN_7_IBUF (PIN_7_IBUF)
     LD_1:D                    0.308          CPU/PerifericoEntrada/Dados_IN_7
    ----------------------------------------
    Total                      1.946ns (1.526ns logic, 0.420ns route)
                                       (78.4% logic, 21.6% route)

=========================================================================
Timing constraint: Default OFFSET IN BEFORE for Clock 'clk'
  Total number of paths / destination ports: 6 / 6
-------------------------------------------------------------------------
Offset:              2.798ns (Levels of Logic = 1)
  Source:            reset (PAD)
  Destination:       CPU/ProgCounter/contador_4 (FF)
  Destination Clock: clk rising

  Data Path: reset to CPU/ProgCounter/contador_4
                                Gate     Net
    Cell:in->out      fanout   Delay   Delay  Logical Name (Net Name)
    ----------------------------------------  ------------
     IBUF:I->O             6   1.218   0.669  reset_IBUF (reset_IBUF)
     FDR:R                     0.911          CPU/ProgCounter/contador_0
    ----------------------------------------
    Total                      2.798ns (2.129ns logic, 0.669ns route)
                                       (76.1% logic, 23.9% route)

=========================================================================
Timing constraint: Default OFFSET OUT AFTER for Clock 'clk'
  Total number of paths / destination ports: 8 / 8
-------------------------------------------------------------------------
Offset:              4.283ns (Levels of Logic = 1)
  Source:            CPU/PerifericoSaida/POUT_7 (FF)
  Destination:       POUT<7> (PAD)
  Source Clock:      clk rising

  Data Path: CPU/PerifericoSaida/POUT_7 to POUT<7>
                                Gate     Net
    Cell:in->out      fanout   Delay   Delay  Logical Name (Net Name)
    ----------------------------------------  ------------
     FDE:C->Q              1   0.591   0.420  CPU/PerifericoSaida/POUT_7 (CPU/PerifericoSaida/POUT_7)
     OBUF:I->O                 3.272          POUT_7_OBUF (POUT<7>)
    ----------------------------------------
    Total                      4.283ns (3.863ns logic, 0.420ns route)
                                       (90.2% logic, 9.8% route)

=========================================================================


Total REAL time to Xst completion: 14.00 secs
Total CPU time to Xst completion: 13.34 secs
 
--> 

Total memory usage is 4529864 kilobytes

Number of errors   :    0 (   0 filtered)
Number of warnings :   13 (   0 filtered)
Number of infos    :   45 (   0 filtered)

